// Jest Snapshot v1, https://goo.gl/fbAQLP

exports[`Dragons Component test Renders Rocket Page 1`] = `
<div
  className="dragons-list"
/>
`;
