// Jest Snapshot v1, https://goo.gl/fbAQLP

exports[`Mission Component test to Render Missions`] = `
<div
  className="mission-container"
/>
`;
